BL51 BANKED LINKER/LOCATER V6.22.4.0                                                    03/19/2025  19:10:53  PAGE 1


BL51 BANKED LINKER/LOCATER V6.22.4.0, INVOKED BY:
D:\KEIL\C51\BIN\BL51.EXE .\Objects\main.obj, .\Objects\AT24C02.obj, .\Objects\Buzzer.obj, .\Objects\Delay.obj, .\Objects
>> \DS18B20.obj, .\Objects\I2C.obj, .\Objects\Key.obj, .\Objects\OneWire.obj, .\Objects\Timer0.obj, .\Objects\XPT2046.ob
>> j, .\Objects\Nixie.obj TO .\Objects\project PRINT (.\Listings\project.m51) RAMSIZE (256)


MEMORY MODEL: SMALL WITH FLOATING POINT ARITHMETIC


INPUT MODULES INCLUDED:
  .\Objects\main.obj (MAIN)
  .\Objects\AT24C02.obj (AT24C02)
  .\Objects\Buzzer.obj (BUZZER)
  .\Objects\Delay.obj (DELAY)
  .\Objects\DS18B20.obj (DS18B20)
  .\Objects\I2C.obj (I2C)
  .\Objects\Key.obj (KEY)
  .\Objects\OneWire.obj (ONEWIRE)
  .\Objects\Timer0.obj (TIMER0)
  .\Objects\XPT2046.obj (XPT2046)
  .\Objects\Nixie.obj (NIXIE)
  D:\KEIL\C51\LIB\C51FPS.LIB (?C?FPDIV)
  D:\KEIL\C51\LIB\C51FPS.LIB (?C?FCAST)
  D:\KEIL\C51\LIB\C51FPS.LIB (?C?FPGETOPN)
  D:\KEIL\C51\LIB\C51S.LIB (?C_STARTUP)
  D:\KEIL\C51\LIB\C51S.LIB (?C?UIDIV)
  D:\KEIL\C51\LIB\C51S.LIB (?C?LNEG)
  D:\KEIL\C51\LIB\C51S.LIB (?C_INIT)


LINK MAP OF MODULE:  .\Objects\project (MAIN)


            TYPE    BASE      LENGTH    RELOCATION   SEGMENT NAME
            -----------------------------------------------------

            * * * * * * *   D A T A   M E M O R Y   * * * * * * *
            REG     0000H     0008H     ABSOLUTE     "REG BANK 0"
            DATA    0008H     0016H     UNIT         ?DT?NIXIE
            DATA    001EH     0002H     UNIT         ?DT?_AT24C02_READBYTE?AT24C02
            BIT     0020H.0   0000H.1   UNIT         ?BI?MAIN
                    0020H.1   0000H.7                *** GAP ***
            DATA    0021H     0013H     UNIT         ?DT?MAIN
            DATA    0034H     0003H     UNIT         ?DT?_AT24C02_WRITEBYTE?AT24C02
            DATA    0037H     0003H     UNIT         ?DT?KEY
            DATA    003AH     0002H     UNIT         _DATA_GROUP_
            DATA    003CH     0001H     UNIT         ?DT?DS18B20_READT?DS18B20
            IDATA   003DH     0001H     UNIT         ?STACK

            * * * * * * *   C O D E   M E M O R Y   * * * * * * *
            CODE    0000H     0003H     ABSOLUTE     
                    0003H     0008H                  *** GAP ***
            CODE    000BH     0003H     ABSOLUTE     
                    000EH     07F2H                  *** GAP ***
            CODE    0800H     01CBH     UNIT         ?PR?TIMER0_ROUTINE?MAIN
            CODE    09CBH     018BH     UNIT         ?C?LIB_CODE
            CODE    0B56H     008CH     UNIT         ?C_C51STARTUP
            CODE    0BE2H     0074H     UNIT         ?PR?TRAFFIC_LIGNT?MAIN
BL51 BANKED LINKER/LOCATER V6.22.4.0                                                  03/19/2025  19:10:53  PAGE 2


            CODE    0C56H     0066H     UNIT         ?PR?_NIXIE_SCAN?NIXIE
            CODE    0CBCH     0059H     UNIT         ?PR?_XPT2046_READAD?XPT2046
            CODE    0D15H     0045H     UNIT         ?PR?SHOW_LED_TIME?MAIN
            CODE    0D5AH     0039H     UNIT         ?PR?KEY_LOOP?KEY
            CODE    0D93H     0030H     UNIT         ?PR?_AT24C02_READBYTE?AT24C02
            CODE    0DC3H     002BH     UNIT         ?PR?DS18B20_READT?DS18B20
            CODE    0DEEH     0029H     UNIT         ?PR?_I2C_SENDBYTE?I2C
            CODE    0E17H     0028H     UNIT         ?C_INITSEG
            CODE    0E3FH     0024H     UNIT         ?PR?NIXIE_CLEAR?MAIN
            CODE    0E63H     0024H     UNIT         ?PR?_AT24C02_WRITEBYTE?AT24C02
            CODE    0E87H     0022H     UNIT         ?PR?_BUZZER_TIME?BUZZER
            CODE    0EA9H     001EH     UNIT         ?PR?I2C_RECEIVEBYTE?I2C
            CODE    0EC7H     001EH     UNIT         ?PR?ONEWIRE_INIT?ONEWIRE
            CODE    0EE5H     001DH     UNIT         ?PR?ONEWIRE_RECEIVEBYTE?ONEWIRE
            CODE    0F02H     001CH     UNIT         ?PR?ONEWIRE_RECEIVEBIT?ONEWIRE
            CODE    0F1EH     001BH     UNIT         ?PR?NIXIE_LOOP?NIXIE
            CODE    0F39H     0019H     UNIT         ?PR?_ONEWIRE_SENDBYTE?ONEWIRE
            CODE    0F52H     0017H     UNIT         ?PR?TIMER0INIT?TIMER0
            CODE    0F69H     0016H     UNIT         ?PR?KEY_GETSTATE?KEY
            CODE    0F7FH     0016H     UNIT         ?PR?_ONEWIRE_SENDBIT?ONEWIRE
            CODE    0F95H     0015H     UNIT         ?PR?_DELAY?DELAY
            CODE    0FAAH     000DH     UNIT         ?PR?MAIN?MAIN
            CODE    0FB7H     000DH     UNIT         ?PR?DS18B20_CONVERT?DS18B20
            CODE    0FC4H     000CH     UNIT         ?PR?I2C_RECEIVEACK?I2C
            CODE    0FD0H     000AH     UNIT         ?PR?_I2C_SENDACK?I2C
            CODE    0FDAH     0009H     UNIT         ?PR?I2C_START?I2C
            CODE    0FE3H     0009H     UNIT         ?PR?_NIXIE_SETBUF?NIXIE
            CODE    0FECH     0007H     UNIT         ?PR?I2C_STOP?I2C
            CODE    0FF3H     0006H     UNIT         ?PR?BUZZER_DELAY500US?BUZZER
            CODE    0FF9H     0006H     UNIT         ?PR?KEY?KEY



OVERLAY MAP OF MODULE:   .\Objects\project (MAIN)


SEGMENT                                   DATA_GROUP 
  +--> CALLED SEGMENT                   START    LENGTH
-------------------------------------------------------
?PR?TIMER0_ROUTINE?MAIN                 -----    -----
  +--> ?PR?NIXIE_LOOP?NIXIE
  +--> ?PR?_XPT2046_READAD?XPT2046
  +--> ?PR?KEY_LOOP?KEY
  +--> ?PR?_BUZZER_TIME?BUZZER

?PR?NIXIE_LOOP?NIXIE                    -----    -----
  +--> ?PR?_NIXIE_SCAN?NIXIE

?PR?_XPT2046_READAD?XPT2046             003AH    0002H

?PR?KEY_LOOP?KEY                        -----    -----
  +--> ?PR?KEY_GETSTATE?KEY

?PR?_BUZZER_TIME?BUZZER                 -----    -----
  +--> ?PR?BUZZER_DELAY500US?BUZZER

*** NEW ROOT ***************************************************
BL51 BANKED LINKER/LOCATER V6.22.4.0                                                  03/19/2025  19:10:53  PAGE 3



?C_C51STARTUP                           -----    -----
  +--> ?PR?MAIN?MAIN
  +--> ?C_INITSEG

?PR?MAIN?MAIN                           -----    -----
  +--> ?PR?TIMER0INIT?TIMER0
  +--> ?PR?KEY?KEY
  +--> ?PR?TRAFFIC_LIGNT?MAIN

?PR?TRAFFIC_LIGNT?MAIN                  -----    -----
  +--> ?PR?SHOW_LED_TIME?MAIN
  +--> ?PR?NIXIE_CLEAR?MAIN

?PR?SHOW_LED_TIME?MAIN                  -----    -----
  +--> ?PR?NIXIE_CLEAR?MAIN
  +--> ?PR?_NIXIE_SETBUF?NIXIE

?PR?NIXIE_CLEAR?MAIN                    -----    -----
  +--> ?PR?_NIXIE_SETBUF?NIXIE



SYMBOL TABLE OF MODULE:  .\Objects\project (MAIN)

  VALUE           TYPE          NAME
  ----------------------------------

  -------         MODULE        MAIN
  C:0000H         SYMBOL        _ICE_DUMMY_
  C:0800H         PUBLIC        Timer0_Routine
  D:0090H         PUBLIC        P1
  D:00A0H         PUBLIC        P2
  D:002DH         PUBLIC        ADValue
  C:0D15H         PUBLIC        Show_Led_Time
  B:0090H.3       PUBLIC        Led_A_Green
  B:0090H.6       PUBLIC        Led_B_Green
  B:0090H.2       PUBLIC        Led_A_Yellow
  B:0090H.5       PUBLIC        Led_B_Yellow
  D:002EH         PUBLIC        Buzzer_On
  C:0BE2H         PUBLIC        Traffic_Lignt
  C:0FAAH         PUBLIC        main
  D:002FH         PUBLIC        mode
  B:0090H.1       PUBLIC        Led_A_Red
  B:0090H.4       PUBLIC        Led_B_Red
  C:0E3FH         PUBLIC        Nixie_Clear
  D:008CH         PUBLIC        TH0
  D:008AH         PUBLIC        TL0
  D:0030H         PUBLIC        ATime
  D:0031H         PUBLIC        BTime
  D:0032H         PUBLIC        Light_Yellow
  D:0033H         PUBLIC        KeyNum
  -------         PROC          NIXIE_CLEAR
  C:0E3FH         LINE#         32
  C:0E3FH         LINE#         33
  C:0E3FH         LINE#         34
  C:0E48H         LINE#         35
BL51 BANKED LINKER/LOCATER V6.22.4.0                                                  03/19/2025  19:10:53  PAGE 4


  C:0E51H         LINE#         36
  C:0E5AH         LINE#         37
  -------         ENDPROC       NIXIE_CLEAR
  -------         PROC          SHOW_LED_TIME
  C:0D15H         LINE#         40
  C:0D15H         LINE#         41
  C:0D15H         LINE#         42
  C:0D1AH         LINE#         43
  C:0D1AH         LINE#         44
  C:0D1DH         LINE#         45
  C:0D1DH         LINE#         47
  C:0D1DH         LINE#         48
  C:0D2BH         LINE#         49
  C:0D3BH         LINE#         50
  C:0D49H         LINE#         51
  C:0D59H         LINE#         52
  C:0D59H         LINE#         53
  -------         ENDPROC       SHOW_LED_TIME
  -------         PROC          TRAFFIC_LIGNT
  C:0BE2H         LINE#         55
  C:0BE2H         LINE#         56
  C:0BE2H         LINE#         57
  C:0BF0H         LINE#         58
  C:0BF8H         LINE#         59
  C:0C0DH         LINE#         60
  C:0C0DH         LINE#         61
  C:0C0DH         LINE#         62
  C:0C0FH         LINE#         63
  C:0C11H         LINE#         64
  C:0C13H         LINE#         65
  C:0C13H         LINE#         66
  C:0C13H         LINE#         67
  C:0C13H         LINE#         68
  C:0C13H         LINE#         69
  C:0C15H         LINE#         70
  C:0C15H         LINE#         72
  C:0C1BH         LINE#         73
  C:0C1DH         LINE#         75
  C:0C1DH         LINE#         76
  C:0C1FH         LINE#         77
  C:0C1FH         LINE#         78
  C:0C21H         LINE#         79
  C:0C23H         LINE#         81
  C:0C25H         LINE#         83
  C:0C27H         LINE#         84
  C:0C27H         LINE#         85
  C:0C29H         LINE#         86
  C:0C29H         LINE#         89
  C:0C2FH         LINE#         90
  C:0C31H         LINE#         91
  C:0C31H         LINE#         92
  C:0C33H         LINE#         93
  C:0C33H         LINE#         94
  C:0C35H         LINE#         95
  C:0C37H         LINE#         96
  C:0C39H         LINE#         97
  C:0C3BH         LINE#         98
BL51 BANKED LINKER/LOCATER V6.22.4.0                                                  03/19/2025  19:10:53  PAGE 5


  C:0C3DH         LINE#         99
  C:0C3FH         LINE#         100
  C:0C42H         LINE#         101
  C:0C42H         LINE#         102
  C:0C42H         LINE#         103
  C:0C44H         LINE#         104
  C:0C4AH         LINE#         105
  C:0C4CH         LINE#         106
  C:0C4EH         LINE#         107
  C:0C50H         LINE#         108
  C:0C52H         LINE#         109
  C:0C55H         LINE#         110
  C:0C55H         LINE#         111
  C:0C55H         LINE#         112
  -------         ENDPROC       TRAFFIC_LIGNT
  -------         PROC          MAIN
  C:0FAAH         LINE#         116
  C:0FAAH         LINE#         117
  C:0FAAH         LINE#         118
  C:0FADH         LINE#         119
  C:0FADH         LINE#         120
  C:0FADH         LINE#         122
  C:0FB2H         LINE#         123
  C:0FB5H         LINE#         125
  -------         ENDPROC       MAIN
  -------         PROC          TIMER0_ROUTINE
  -------         DO            
  D:0021H         SYMBOL        T0Count0
  D:0023H         SYMBOL        T0Count1
  D:0025H         SYMBOL        T0Count2
  D:0027H         SYMBOL        T0Count3
  D:0029H         SYMBOL        T0Count4
  D:002BH         SYMBOL        T0CountMode
  B:0020H.0       SYMBOL        NightMode
  -------         ENDDO         
  C:0800H         LINE#         131
  C:081DH         LINE#         136
  C:0820H         LINE#         137
  C:0823H         LINE#         140
  C:082BH         LINE#         141
  C:0833H         LINE#         142
  C:083BH         LINE#         143
  C:0843H         LINE#         144
  C:084BH         LINE#         145
  C:0853H         LINE#         148
  C:085EH         LINE#         149
  C:085EH         LINE#         150
  C:0864H         LINE#         151
  C:0867H         LINE#         152
  C:0867H         LINE#         155
  C:0872H         LINE#         156
  C:0872H         LINE#         157
  C:0878H         LINE#         158
  C:087FH         LINE#         159
  C:088AH         LINE#         160
  C:088CH         LINE#         161
  C:0895H         LINE#         162
BL51 BANKED LINKER/LOCATER V6.22.4.0                                                  03/19/2025  19:10:53  PAGE 6


  C:0895H         LINE#         163
  C:0898H         LINE#         164
  C:089EH         LINE#         165
  C:08A0H         LINE#         166
  C:08A8H         LINE#         167
  C:08A8H         LINE#         168
  C:08ABH         LINE#         169
  C:08B1H         LINE#         170
  C:08B4H         LINE#         171
  C:08B7H         LINE#         172
  C:08B7H         LINE#         173
  C:08B7H         LINE#         176
  C:08C2H         LINE#         177
  C:08C2H         LINE#         178
  C:08C8H         LINE#         179
  C:08CBH         LINE#         180
  C:08CBH         LINE#         184
  C:08D6H         LINE#         185
  C:08D6H         LINE#         186
  C:08DCH         LINE#         189
  C:08EDH         LINE#         190
  C:08F4H         LINE#         192
  C:08F4H         LINE#         193
  C:08FFH         LINE#         194
  C:08FFH         LINE#         195
  C:090BH         LINE#         196
  C:090BH         LINE#         199
  C:0911H         LINE#         200
  C:0911H         LINE#         201
  C:0923H         LINE#         202
  C:0923H         LINE#         203
  C:0923H         LINE#         204
  C:092EH         LINE#         205
  C:092EH         LINE#         206
  C:0931H         LINE#         207
  C:0931H         LINE#         208
  C:0931H         LINE#         209
  C:0931H         LINE#         210
  C:0931H         LINE#         211
  C:0933H         LINE#         212
  C:0933H         LINE#         213
  C:093EH         LINE#         214
  C:093EH         LINE#         215
  C:0941H         LINE#         216
  C:0941H         LINE#         217
  C:0941H         LINE#         218
  C:0941H         LINE#         219
  C:0941H         LINE#         220
  C:0943H         LINE#         221
  C:0943H         LINE#         222
  C:094EH         LINE#         223
  C:094EH         LINE#         224
  C:0951H         LINE#         225
  C:0957H         LINE#         226
  C:095AH         LINE#         227
  C:095DH         LINE#         228
  C:095DH         LINE#         229
BL51 BANKED LINKER/LOCATER V6.22.4.0                                                  03/19/2025  19:10:53  PAGE 7


  C:095FH         LINE#         230
  C:095FH         LINE#         231
  C:096AH         LINE#         232
  C:096AH         LINE#         233
  C:096DH         LINE#         234
  C:096DH         LINE#         235
  C:096DH         LINE#         236
  C:096DH         LINE#         237
  C:096DH         LINE#         238
  C:096FH         LINE#         239
  C:096FH         LINE#         240
  C:097AH         LINE#         241
  C:097AH         LINE#         242
  C:097DH         LINE#         243
  C:0983H         LINE#         244
  C:0986H         LINE#         245
  C:0989H         LINE#         246
  C:0989H         LINE#         247
  C:0989H         LINE#         250
  C:0998H         LINE#         251
  C:0998H         LINE#         252
  C:09AAH         LINE#         253
  C:09AAH         LINE#         254
  C:09AAH         LINE#         255
  C:09AAH         LINE#         256
  C:09AAH         LINE#         257
  C:09ACH         LINE#         258
  C:09ACH         LINE#         259
  C:09ACH         LINE#         260
  C:09ACH         LINE#         261
  C:09ACH         LINE#         262
  C:09ACH         LINE#         263
  C:09AEH         LINE#         265
  C:09B0H         LINE#         266
  C:09B0H         LINE#         267
  C:09B0H         LINE#         268
  C:09B0H         LINE#         269
  -------         ENDPROC       TIMER0_ROUTINE
  -------         ENDMOD        MAIN

  -------         MODULE        AT24C02
  C:0000H         SYMBOL        _ICE_DUMMY_
  C:0D93H         PUBLIC        _AT24C02_ReadByte
  C:0E63H         PUBLIC        _AT24C02_WriteByte
  -------         PROC          _AT24C02_WRITEBYTE
  D:0034H         SYMBOL        WordAddress
  D:0035H         SYMBOL        Data
  C:0E63H         LINE#         10
  C:0E69H         LINE#         11
  C:0E69H         LINE#         12
  C:0E6CH         LINE#         13
  C:0E71H         LINE#         14
  C:0E74H         LINE#         15
  C:0E79H         LINE#         16
  C:0E7CH         LINE#         17
  C:0E81H         LINE#         18
  C:0E84H         LINE#         19
BL51 BANKED LINKER/LOCATER V6.22.4.0                                                  03/19/2025  19:10:53  PAGE 8


  -------         ENDPROC       _AT24C02_WRITEBYTE
  -------         PROC          _AT24C02_READBYTE
  D:001EH         SYMBOL        WordAddress
  -------         DO            
  D:001FH         SYMBOL        Data
  -------         ENDDO         
  C:0D93H         LINE#         26
  C:0D95H         LINE#         27
  C:0D95H         LINE#         29
  C:0D98H         LINE#         30
  C:0D9DH         LINE#         31
  C:0DA0H         LINE#         32
  C:0DA5H         LINE#         33
  C:0DA8H         LINE#         34
  C:0DABH         LINE#         35
  C:0DB0H         LINE#         36
  C:0DB3H         LINE#         37
  C:0DB8H         LINE#         38
  C:0DBDH         LINE#         39
  C:0DC0H         LINE#         40
  C:0DC2H         LINE#         41
  -------         ENDPROC       _AT24C02_READBYTE
  -------         ENDMOD        AT24C02

  -------         MODULE        BUZZER
  C:0000H         SYMBOL        _ICE_DUMMY_
  D:00A0H         PUBLIC        P2
  B:00A0H.5       PUBLIC        Buzzer
  C:0FF3H         PUBLIC        Buzzer_Delay500us
  C:0E87H         PUBLIC        _Buzzer_Time
  -------         PROC          BUZZER_DELAY500US
  -------         DO            
  D:0007H         SYMBOL        i
  -------         ENDDO         
  C:0FF3H         LINE#         13
  C:0FF3H         LINE#         14
  C:0FF3H         LINE#         17
  C:0FF4H         LINE#         18
  C:0FF6H         LINE#         19
  C:0FF8H         LINE#         20
  -------         ENDPROC       BUZZER_DELAY500US
  -------         PROC          _BUZZER_TIME
  D:0004H         SYMBOL        ms
  -------         DO            
  D:0002H         SYMBOL        i
  -------         ENDDO         
  C:0E87H         LINE#         26
  C:0E8BH         LINE#         27
  C:0E8BH         LINE#         29
  C:0E9CH         LINE#         30
  C:0E9CH         LINE#         31
  C:0E9EH         LINE#         32
  C:0EA1H         LINE#         33
  C:0EA8H         LINE#         34
  -------         ENDPROC       _BUZZER_TIME
  -------         ENDMOD        BUZZER

BL51 BANKED LINKER/LOCATER V6.22.4.0                                                  03/19/2025  19:10:53  PAGE 9


  -------         MODULE        DELAY
  C:0000H         SYMBOL        _ICE_DUMMY_
  C:0F95H         PUBLIC        _Delay
  -------         PROC          _DELAY
  D:0006H         SYMBOL        Xms
  -------         DO            
  D:0005H         SYMBOL        i
  D:0004H         SYMBOL        j
  -------         ENDDO         
  C:0F95H         LINE#         3
  C:0F95H         LINE#         4
  C:0F95H         LINE#         6
  C:0F9FH         LINE#         7
  C:0F9FH         LINE#         8
  C:0FA1H         LINE#         9
  C:0FA3H         LINE#         11
  C:0FA3H         LINE#         12
  C:0FA5H         LINE#         13
  C:0FA7H         LINE#         14
  C:0FA9H         LINE#         16
  -------         ENDPROC       _DELAY
  -------         ENDMOD        DELAY

  -------         MODULE        DS18B20
  C:0000H         SYMBOL        _ICE_DUMMY_
  C:0FB7H         PUBLIC        DS18B20_ConverT
  C:0DC3H         PUBLIC        DS18B20_ReadT
  -------         PROC          DS18B20_CONVERT
  C:0FB7H         LINE#         10
  C:0FB7H         LINE#         11
  C:0FB7H         LINE#         12
  C:0FBAH         LINE#         13
  C:0FBFH         LINE#         14
  -------         ENDPROC       DS18B20_CONVERT
  -------         PROC          DS18B20_READT
  -------         DO            
  D:003CH         SYMBOL        TLSB
  D:0007H         SYMBOL        TMSB
  D:0006H         SYMBOL        Temp
  D:0004H         SYMBOL        T
  -------         ENDDO         
  C:0DC3H         LINE#         17
  C:0DC3H         LINE#         18
  C:0DC3H         LINE#         22
  C:0DC6H         LINE#         23
  C:0DCBH         LINE#         24
  C:0DD0H         LINE#         25
  C:0DD5H         LINE#         26
  C:0DD8H         LINE#         27
  C:0DDDH         LINE#         28
  -------         ENDPROC       DS18B20_READT
  -------         ENDMOD        DS18B20

  -------         MODULE        I2C
  C:0000H         SYMBOL        _ICE_DUMMY_
  B:00A0H.1       PUBLIC        I2C_SCL
  D:00A0H         PUBLIC        P2
BL51 BANKED LINKER/LOCATER V6.22.4.0                                                  03/19/2025  19:10:53  PAGE 10


  C:0FDAH         PUBLIC        I2C_Start
  C:0FD0H         PUBLIC        _I2C_SendAck
  C:0DEEH         PUBLIC        _I2C_SendByte
  C:0FECH         PUBLIC        I2C_Stop
  C:0FC4H         PUBLIC        I2C_ReceiveAck
  B:00A0H.0       PUBLIC        I2C_SDA
  C:0EA9H         PUBLIC        I2C_ReceiveByte
  -------         PROC          I2C_START
  C:0FDAH         LINE#         10
  C:0FDAH         LINE#         11
  C:0FDAH         LINE#         12
  C:0FDCH         LINE#         13
  C:0FDEH         LINE#         14
  C:0FE0H         LINE#         15
  C:0FE2H         LINE#         16
  -------         ENDPROC       I2C_START
  -------         PROC          I2C_STOP
  C:0FECH         LINE#         22
  C:0FECH         LINE#         23
  C:0FECH         LINE#         24
  C:0FEEH         LINE#         25
  C:0FF0H         LINE#         26
  C:0FF2H         LINE#         27
  -------         ENDPROC       I2C_STOP
  -------         PROC          _I2C_SENDBYTE
  D:0005H         SYMBOL        Byte
  -------         DO            
  D:0003H         SYMBOL        i
  -------         ENDDO         
  C:0DEEH         LINE#         33
  C:0DF0H         LINE#         34
  C:0DF0H         LINE#         36
  C:0DF2H         LINE#         37
  C:0DF2H         LINE#         38
  C:0E0EH         LINE#         39
  C:0E10H         LINE#         40
  C:0E12H         LINE#         41
  C:0E16H         LINE#         43
  -------         ENDPROC       _I2C_SENDBYTE
  -------         PROC          I2C_RECEIVEBYTE
  -------         DO            
  D:0006H         SYMBOL        i
  D:0007H         SYMBOL        Byte
  -------         ENDDO         
  C:0EA9H         LINE#         49
  C:0EA9H         LINE#         50
  C:0EA9H         LINE#         51
  C:0EABH         LINE#         52
  C:0EADH         LINE#         53
  C:0EAEH         LINE#         54
  C:0EAEH         LINE#         55
  C:0EB0H         LINE#         56
  C:0EC0H         LINE#         57
  C:0EC2H         LINE#         58
  C:0EC6H         LINE#         59
  C:0EC6H         LINE#         60
  -------         ENDPROC       I2C_RECEIVEBYTE
BL51 BANKED LINKER/LOCATER V6.22.4.0                                                  03/19/2025  19:10:53  PAGE 11


  -------         PROC          _I2C_SENDACK
  D:0007H         SYMBOL        AckBit
  C:0FD0H         LINE#         66
  C:0FD0H         LINE#         67
  C:0FD0H         LINE#         68
  C:0FD5H         LINE#         69
  C:0FD7H         LINE#         70
  C:0FD9H         LINE#         71
  -------         ENDPROC       _I2C_SENDACK
  -------         PROC          I2C_RECEIVEACK
  -------         DO            
  D:0007H         SYMBOL        AckBit
  -------         ENDDO         
  C:0FC4H         LINE#         77
  C:0FC4H         LINE#         78
  C:0FC4H         LINE#         80
  C:0FC6H         LINE#         81
  C:0FC8H         LINE#         82
  C:0FCDH         LINE#         83
  C:0FCFH         LINE#         84
  C:0FCFH         LINE#         85
  -------         ENDPROC       I2C_RECEIVEACK
  -------         ENDMOD        I2C

  -------         MODULE        KEY
  C:0000H         SYMBOL        _ICE_DUMMY_
  B:00B0H.0       PUBLIC        P3_0
  B:00B0H.1       PUBLIC        P3_1
  B:00B0H.2       PUBLIC        P3_2
  B:00B0H.3       PUBLIC        P3_3
  D:0039H         PUBLIC        Key_KeyNumber
  C:0D5AH         PUBLIC        Key_Loop
  C:0FF9H         PUBLIC        Key
  C:0F69H         PUBLIC        Key_GetState
  -------         PROC          KEY
  -------         DO            
  D:0007H         SYMBOL        Temp
  -------         ENDDO         
  C:0FF9H         LINE#         6
  C:0FF9H         LINE#         7
  C:0FF9H         LINE#         9
  C:0FFBH         LINE#         10
  C:0FFEH         LINE#         11
  C:0FFEH         LINE#         12
  -------         ENDPROC       KEY
  -------         PROC          KEY_GETSTATE
  -------         DO            
  D:0007H         SYMBOL        KeyNumber
  -------         ENDDO         
  C:0F69H         LINE#         14
  C:0F69H         LINE#         15
  C:0F69H         LINE#         16
  C:0F6BH         LINE#         17
  C:0F6FH         LINE#         18
  C:0F74H         LINE#         19
  C:0F79H         LINE#         20
  C:0F7EH         LINE#         21
BL51 BANKED LINKER/LOCATER V6.22.4.0                                                  03/19/2025  19:10:53  PAGE 12


  C:0F7EH         LINE#         22
  -------         ENDPROC       KEY_GETSTATE
  -------         PROC          KEY_LOOP
  -------         DO            
  D:0037H         SYMBOL        NowState
  D:0038H         SYMBOL        LastState
  -------         ENDDO         
  C:0D5AH         LINE#         23
  C:0D5AH         LINE#         24
  C:0D5AH         LINE#         26
  C:0D5DH         LINE#         27
  C:0D62H         LINE#         28
  C:0D6BH         LINE#         29
  C:0D6BH         LINE#         30
  C:0D6EH         LINE#         31
  C:0D6EH         LINE#         32
  C:0D77H         LINE#         33
  C:0D77H         LINE#         34
  C:0D7AH         LINE#         35
  C:0D7AH         LINE#         36
  C:0D83H         LINE#         37
  C:0D83H         LINE#         38
  C:0D86H         LINE#         39
  C:0D86H         LINE#         40
  C:0D8FH         LINE#         41
  C:0D8FH         LINE#         42
  C:0D92H         LINE#         43
  C:0D92H         LINE#         44
  -------         ENDPROC       KEY_LOOP
  -------         ENDMOD        KEY

  -------         MODULE        ONEWIRE
  C:0000H         SYMBOL        _ICE_DUMMY_
  D:00B0H         PUBLIC        P3
  B:00A8H.7       PUBLIC        EA
  C:0F02H         PUBLIC        OneWire_ReceiveBit
  B:00B0H.7       PUBLIC        OneWire_DQ
  C:0EC7H         PUBLIC        OneWire_Init
  C:0F39H         PUBLIC        _OneWire_SendByte
  C:0F7FH         PUBLIC        _OneWire_SendBit
  C:0EE5H         PUBLIC        OneWire_ReceiveByte
  -------         PROC          ONEWIRE_INIT
  -------         DO            
  D:0007H         SYMBOL        i
  D:0006H         SYMBOL        AckBit
  -------         ENDDO         
  C:0EC7H         LINE#         5
  C:0EC7H         LINE#         6
  C:0EC7H         LINE#         9
  C:0EC9H         LINE#         10
  C:0ECBH         LINE#         11
  C:0ECDH         LINE#         12
  C:0ED1H         LINE#         13
  C:0ED3H         LINE#         14
  C:0ED7H         LINE#         15
  C:0EDCH         LINE#         16
  C:0EE0H         LINE#         17
BL51 BANKED LINKER/LOCATER V6.22.4.0                                                  03/19/2025  19:10:53  PAGE 13


  C:0EE2H         LINE#         18
  C:0EE4H         LINE#         19
  -------         ENDPROC       ONEWIRE_INIT
  -------         PROC          _ONEWIRE_SENDBIT
  D:0007H         SYMBOL        Bit
  -------         DO            
  D:0006H         SYMBOL        i
  -------         ENDDO         
  C:0F7FH         LINE#         21
  C:0F7FH         LINE#         22
  C:0F7FH         LINE#         24
  C:0F81H         LINE#         25
  C:0F83H         LINE#         26
  C:0F87H         LINE#         27
  C:0F8CH         LINE#         28
  C:0F90H         LINE#         29
  C:0F92H         LINE#         30
  C:0F94H         LINE#         31
  -------         ENDPROC       _ONEWIRE_SENDBIT
  -------         PROC          ONEWIRE_RECEIVEBIT
  -------         DO            
  D:0006H         SYMBOL        Bit
  D:0007H         SYMBOL        i
  -------         ENDDO         
  C:0F02H         LINE#         33
  C:0F02H         LINE#         34
  C:0F02H         LINE#         36
  C:0F04H         LINE#         37
  C:0F06H         LINE#         38
  C:0F0AH         LINE#         39
  C:0F0CH         LINE#         40
  C:0F10H         LINE#         41
  C:0F15H         LINE#         42
  C:0F19H         LINE#         43
  C:0F1BH         LINE#         44
  C:0F1DH         LINE#         45
  -------         ENDPROC       ONEWIRE_RECEIVEBIT
  -------         PROC          _ONEWIRE_SENDBYTE
  D:0005H         SYMBOL        Byte
  -------         DO            
  D:0004H         SYMBOL        i
  -------         ENDDO         
  C:0F39H         LINE#         46
  C:0F3BH         LINE#         47
  C:0F3BH         LINE#         50
  C:0F3DH         LINE#         51
  C:0F3DH         LINE#         52
  C:0F4DH         LINE#         54
  C:0F51H         LINE#         55
  -------         ENDPROC       _ONEWIRE_SENDBYTE
  -------         PROC          ONEWIRE_RECEIVEBYTE
  -------         DO            
  D:0004H         SYMBOL        i
  D:0005H         SYMBOL        Byte
  -------         ENDDO         
  C:0EE5H         LINE#         57
  C:0EE5H         LINE#         58
BL51 BANKED LINKER/LOCATER V6.22.4.0                                                  03/19/2025  19:10:53  PAGE 14


  C:0EE5H         LINE#         60
  C:0EE7H         LINE#         61
  C:0EE8H         LINE#         62
  C:0EE8H         LINE#         63
  C:0EEEH         LINE#         64
  C:0EEEH         LINE#         65
  C:0EFBH         LINE#         66
  C:0EFBH         LINE#         67
  C:0EFFH         LINE#         68
  C:0F01H         LINE#         69
  -------         ENDPROC       ONEWIRE_RECEIVEBYTE
  -------         ENDMOD        ONEWIRE

  -------         MODULE        TIMER0
  C:0000H         SYMBOL        _ICE_DUMMY_
  B:00A8H.7       PUBLIC        EA
  D:0089H         PUBLIC        TMOD
  B:00A8H.1       PUBLIC        ET0
  B:0088H.5       PUBLIC        TF0
  C:0F52H         PUBLIC        Timer0Init
  D:008CH         PUBLIC        TH0
  D:008AH         PUBLIC        TL0
  B:00B8H.1       PUBLIC        PT0
  B:0088H.4       PUBLIC        TR0
  -------         PROC          TIMER0INIT
  C:0F52H         LINE#         2
  C:0F52H         LINE#         3
  C:0F52H         LINE#         4
  C:0F55H         LINE#         5
  C:0F58H         LINE#         6
  C:0F5BH         LINE#         7
  C:0F5EH         LINE#         8
  C:0F60H         LINE#         9
  C:0F62H         LINE#         10
  C:0F64H         LINE#         11
  C:0F66H         LINE#         12
  C:0F68H         LINE#         13
  -------         ENDPROC       TIMER0INIT
  -------         ENDMOD        TIMER0

  -------         MODULE        XPT2046
  C:0000H         SYMBOL        _ICE_DUMMY_
  D:00B0H         PUBLIC        P3
  B:00B0H.4       PUBLIC        XPY2046_DIN
  C:0CBCH         PUBLIC        _XPT2046_ReadAD
  B:00B0H.5       PUBLIC        XPY2046_CS
  B:00B0H.6       PUBLIC        XPY2046_DCLK
  B:00B0H.7       PUBLIC        XPY2046_DOUT
  -------         PROC          _XPT2046_READAD
  D:0005H         SYMBOL        Command
  -------         DO            
  D:0003H         SYMBOL        i
  D:003AH         SYMBOL        Data
  -------         ENDDO         
  C:0CBCH         LINE#         11
  C:0CBEH         LINE#         12
  C:0CBEH         LINE#         14
BL51 BANKED LINKER/LOCATER V6.22.4.0                                                  03/19/2025  19:10:53  PAGE 15


  C:0CC3H         LINE#         15
  C:0CC5H         LINE#         16
  C:0CC7H         LINE#         17
  C:0CC8H         LINE#         18
  C:0CC8H         LINE#         19
  C:0CE4H         LINE#         20
  C:0CE6H         LINE#         21
  C:0CE8H         LINE#         22
  C:0CECH         LINE#         23
  C:0CEEH         LINE#         24
  C:0CEEH         LINE#         25
  C:0CF0H         LINE#         26
  C:0CF2H         LINE#         27
  C:0D09H         LINE#         28
  C:0D0DH         LINE#         29
  C:0D0FH         LINE#         30
  C:0D14H         LINE#         31
  -------         ENDPROC       _XPT2046_READAD
  -------         ENDMOD        XPT2046

  -------         MODULE        NIXIE
  C:0000H         SYMBOL        _ICE_DUMMY_
  D:0009H         PUBLIC        Nixie_Buf
  D:0080H         PUBLIC        P0
  B:00A0H.2       PUBLIC        P2_2
  B:00A0H.3       PUBLIC        P2_3
  B:00A0H.4       PUBLIC        P2_4
  C:0FE3H         PUBLIC        _Nixie_SetBuf
  C:0C56H         PUBLIC        _Nixie_Scan
  C:0F1EH         PUBLIC        Nixie_Loop
  D:0012H         PUBLIC        NixieCode
  -------         PROC          _NIXIE_SETBUF
  D:0007H         SYMBOL        Location
  D:0004H         SYMBOL        Num
  C:0FE3H         LINE#         8
  C:0FE3H         LINE#         9
  C:0FE3H         LINE#         10
  C:0FEBH         LINE#         11
  -------         ENDPROC       _NIXIE_SETBUF
  -------         PROC          _NIXIE_SCAN
  D:0007H         SYMBOL        Location
  D:0004H         SYMBOL        Num
  C:0C56H         LINE#         13
  C:0C56H         LINE#         14
  C:0C56H         LINE#         27
  C:0C59H         LINE#         28
  C:0C86H         LINE#         29
  C:0C86H         LINE#         30
  C:0C8AH         LINE#         31
  C:0C8EH         LINE#         32
  C:0C92H         LINE#         33
  C:0C96H         LINE#         34
  C:0C9EH         LINE#         35
  C:0CA6H         LINE#         36
  C:0CAEH         LINE#         37
  C:0CB4H         LINE#         38
  C:0CB4H         LINE#         39
BL51 BANKED LINKER/LOCATER V6.22.4.0                                                  03/19/2025  19:10:53  PAGE 16


  C:0CBBH         LINE#         40
  -------         ENDPROC       _NIXIE_SCAN
  -------         PROC          NIXIE_LOOP
  -------         DO            
  D:0008H         SYMBOL        i
  -------         ENDDO         
  C:0F1EH         LINE#         42
  C:0F1EH         LINE#         43
  C:0F1EH         LINE#         46
  C:0F2CH         LINE#         47
  C:0F2EH         LINE#         48
  C:0F38H         LINE#         49
  -------         ENDPROC       NIXIE_LOOP
  -------         ENDMOD        NIXIE

  -------         MODULE        ?C?FPDIV
  C:09CEH         PUBLIC        ?C?FPDIV
  -------         ENDMOD        ?C?FPDIV

  -------         MODULE        ?C?FCAST
  C:0A75H         PUBLIC        ?C?FCASTC
  C:0A70H         PUBLIC        ?C?FCASTI
  C:0A6BH         PUBLIC        ?C?FCASTL
  -------         ENDMOD        ?C?FCAST

  -------         MODULE        ?C?UIDIV
  C:0AF3H         PUBLIC        ?C?UIDIV
  -------         ENDMOD        ?C?UIDIV

  -------         MODULE        ?C?LNEG
  C:0B48H         PUBLIC        ?C?LNEG
  -------         ENDMOD        ?C?LNEG

*** WARNING L16: UNCALLED SEGMENT, IGNORED FOR OVERLAY PROCESS
    SEGMENT: ?PR?_AT24C02_WRITEBYTE?AT24C02

*** WARNING L16: UNCALLED SEGMENT, IGNORED FOR OVERLAY PROCESS
    SEGMENT: ?PR?_AT24C02_READBYTE?AT24C02

*** WARNING L16: UNCALLED SEGMENT, IGNORED FOR OVERLAY PROCESS
    SEGMENT: ?PR?_DELAY?DELAY

*** WARNING L16: UNCALLED SEGMENT, IGNORED FOR OVERLAY PROCESS
    SEGMENT: ?PR?DS18B20_CONVERT?DS18B20

*** WARNING L16: UNCALLED SEGMENT, IGNORED FOR OVERLAY PROCESS
    SEGMENT: ?PR?DS18B20_READT?DS18B20

******************************************************************************
* RESTRICTED VERSION WITH 0800H BYTE CODE SIZE LIMIT; USED: 05EAH BYTE (73%) *
******************************************************************************

Program Size: data=61.1 xdata=0 code=2053
LINK/LOCATE RUN COMPLETE.  5 WARNING(S),  0 ERROR(S)
