C51 COMPILER V9.60.7.0   BUZZER                                                            03/27/2025 19:07:54 PAGE 1   


C51 COMPILER V9.60.7.0, COMPILATION OF MODULE BUZZER
OBJECT MODULE PLACED IN .\Objects\Buzzer.obj
COMPILER INVOKED BY: D:\keil\C51\BIN\C51.EXE Buzzer.c OPTIMIZE(8,SPEED) BROWSE DEBUG OBJECTEXTEND PRINT(.\Listings\Buzze
                    -r.lst) TABS(2) OBJECT(.\Objects\Buzzer.obj)

line level    source

   1          #include <REGX52.H>
   2          #include <INTRINS.H>
   3          #include"Delay.h"
   4          
   5          //蜂鸣器端口
   6          sbit Buzzer=P2^5;
   7          
   8          /**
   9             *@brief蜂鸣器私有延时函数，延时500ms
  10             *@param无
  11             *@retval无
  12             */
  13          void Buzzer_Delay500us()    //@11.0592MHz
  14          {
  15   1        unsigned char i;
  16   1      
  17   1        _nop_();
  18   1        i = 227;
  19   1        while (--i);
  20   1      }
  21          /**
  22             *@brief蜂鸣器发声
  23             *@param ms  发声的时长
  24             *@retval无
  25             */
  26          void Buzzer_Time(unsigned int ms)
  27          {
  28   1        unsigned int i;
  29   1        for(i=0;i<ms*2;i++)
  30   1            {
  31   2              Buzzer=!Buzzer;
  32   2              Buzzer_Delay500us();
  33   2            }
  34   1      }


MODULE INFORMATION:   STATIC OVERLAYABLE
   CODE SIZE        =     40    ----
   CONSTANT SIZE    =   ----    ----
   XDATA SIZE       =   ----    ----
   PDATA SIZE       =   ----    ----
   DATA SIZE        =   ----    ----
   IDATA SIZE       =   ----    ----
   BIT SIZE         =   ----    ----
END OF MODULE INFORMATION.


C51 COMPILATION COMPLETE.  0 WARNING(S),  0 ERROR(S)
