C51 COMPILER V9.60.7.0   MAIN                                                              03/27/2025 19:25:10 PAGE 1   


C51 COMPILER V9.60.7.0, COMPILATION OF MODULE MAIN
OBJECT MODULE PLACED IN .\Objects\main.obj
COMPILER INVOKED BY: D:\keil\C51\BIN\C51.EXE main.c OPTIMIZE(8,SPEED) BROWSE DEBUG OBJECTEXTEND PRINT(.\Listings\main.ls
                    -t) TABS(2) OBJECT(.\Objects\main.obj)

line level    source

   1          #include <REGX52.H>
   2          #include "Buzzer.h"
   3          #include "Delay.h"
   4          #include "Nixie.h"
   5          #include "Timer0.h"
   6          #include "MatrixKey.h"
   7          #include "INTRINS.H"
   8          #include "XPT2046.h"
   9          
  10          
  11          unsigned char mode;
  12          unsigned char count=98;
  13          unsigned char Number=0;
  14          unsigned char LedLight[]={0x7F,0xBF,0xDF,0xEF,0xF7,0xFB,0xFD,0xFE,0xFF};
  15          unsigned char KeyNumber;
  16          unsigned char light=0;
  17          unsigned char ADValue;
  18          
  19          sbit Buzzer=P2^5;
  20          
  21          void test()
  22          {
  23   1        if(KeyNumber==3)
  24   1        {
  25   2          mode=2;
  26   2        }
  27   1        if(KeyNumber==1)
  28   1        {
  29   2          mode=3;
  30   2        }
  31   1        switch(mode)
  32   1        {
  33   2          case 0:
  34   2            Nixie(1,2);
  35   2            Nixie(2,0);
  36   2            Nixie(3,2);
  37   2            Nixie(4,1);
  38   2            Nixie(5,1);
  39   2            Nixie(6,2);
  40   2            Nixie(7,0);
  41   2            Nixie(8,4);
  42   2            break;
  43   2          case 1:
  44   2            
  45   2            P2=LedLight[Number];
  46   2            Nixie(7,count/10);
  47   2            Nixie(8,count%10);
  48   2            Nixie(1,10);
  49   2            Nixie(2,5);
  50   2            Nixie(4,ADValue/100);
  51   2            Nixie(5,(ADValue%100)/10);
  52   2            Nixie(6,ADValue%10);
  53   2            break;
  54   2          case 2:
C51 COMPILER V9.60.7.0   MAIN                                                              03/27/2025 19:25:10 PAGE 2   

  55   2            
  56   2            P2=LedLight[Number];
  57   2            Nixie(7,count/10);
  58   2            Nixie(8,count%10);
  59   2            Nixie(1,10);
  60   2            Nixie(2,5);
  61   2            Nixie(4,ADValue/100);
  62   2            Nixie(5,(ADValue%100)/10);
  63   2            Nixie(6,ADValue%10);
  64   2            break;
  65   2          case 3:
  66   2            P2_0=light;
  67   2            P2_1=light;
  68   2            P2_2=light;
  69   2            P2_3=light;
  70   2            P2_4=light;
  71   2            P2_5=light;
  72   2            P2_6=light;
  73   2            P2_7=light;
  74   2            
  75   2            Nixie(1,11);
  76   2            Nixie(2,0);
  77   2            break;
  78   2          
  79   2      
  80   2        }
  81   1      
  82   1      }
  83          void main()
  84          {
  85   1        Timer0Init();
  86   1        while(1)
  87   1        {
  88   2          KeyNumber=MatrixKey();
  89   2          test();
  90   2        }
  91   1      }
  92          
  93          void Timer0_Routine(void) interrupt 1
  94          {
  95   1          
  96   1          static unsigned int T0Count1,T0Count2;
  97   1          TL0 = 0x66;   
  98   1          TH0 = 0xFC;
  99   1          T0Count1++;
 100   1          T0Count2++;
 101   1          
 102   1          if(T0Count2 >= 100) 
 103   1          { 
 104   2              T0Count2 = 0;
 105   2              ADValue = XPT2046_ReadAD(XPT2046_XP);
 106   2          
 107   2          }
 108   1          switch(mode)
 109   1          {
 110   2            case 0:
 111   2              if(T0Count1>=4000)
 112   2              {
 113   3                  T0Count1=0;
 114   3                  mode=1;
 115   3              }
 116   2              break;
C51 COMPILER V9.60.7.0   MAIN                                                              03/27/2025 19:25:10 PAGE 3   

 117   2            case 1:
 118   2              if(T0Count1>=500+ADValue)
 119   2              {
 120   3                  T0Count1=0;
 121   3                  Number++;
 122   3                  if(Number>8)
 123   3                  {
 124   4                    Number=0;
 125   4                  }
 126   3                  
 127   3                  if(Number==7)
 128   3                  {
 129   4                    count++;
 130   4                    if(count>99)
 131   4                    {
 132   5                      count=0;
 133   5                      
 134   5                    }
 135   4                  }
 136   3                  
 137   3                  mode=1;
 138   3                  
 139   3              }
 140   2              break;
 141   2            case 2:
 142   2            if(T0Count1>=500+ADValue)
 143   2            {
 144   3                T0Count1=0;
 145   3                Number++;
 146   3                if(Number>8)
 147   3                {
 148   4                  Number=0;
 149   4                }
 150   3                
 151   3                if(Number==7)
 152   3                {
 153   4                  count++;
 154   4                  if(count>99)
 155   4                  {
 156   5                    count=0;
 157   5                    
 158   5                  }
 159   4                  Buzzer_Time(100);
 160   4                }
 161   3                
 162   3                
 163   3          }
 164   2          break;
 165   2          case 3:
 166   2            if(T0Count1>=1000)
 167   2            {
 168   3                T0Count1=0;
 169   3                light=!light;
 170   3      
 171   3            }
 172   2            break;
 173   2        }
 174   1          
 175   1      }


MODULE INFORMATION:   STATIC OVERLAYABLE
C51 COMPILER V9.60.7.0   MAIN                                                              03/27/2025 19:25:10 PAGE 4   

   CODE SIZE        =    559    ----
   CONSTANT SIZE    =   ----    ----
   XDATA SIZE       =   ----    ----
   PDATA SIZE       =   ----    ----
   DATA SIZE        =     19    ----
   IDATA SIZE       =   ----    ----
   BIT SIZE         =   ----    ----
END OF MODULE INFORMATION.


C51 COMPILATION COMPLETE.  0 WARNING(S),  0 ERROR(S)
